// Jest Snapshot v1, https://goo.gl/fbAQLP

exports[`NavBar component renders with h1 text 1`] = `
<div>
  <header
    className="MuiPaper-root-10 MuiPaper-elevation4-16 MuiAppBar-root-1 MuiAppBar-positionStatic-5 MuiAppBar-colorPrimary-8"
  >
    <div
      className="MuiToolbar-root-37 MuiToolbar-regular-39 MuiToolbar-gutters-38"
    >
      <h6
        className="MuiTypography-root-41 MuiTypography-h6-58 MuiTypography-colorInherit-70"
      >
        Outta
      </h6>
    </div>
  </header>
</div>
`;
